Nickname
========

For each Person we create a unique nickname that must be generated using
foaf.nickname.generate_nick.

A valid nick can contain lower case letters, dashes, and numbers,
must start with a letter or a number, and must be a minimum of
four characters.

>>> from canonical.foaf.nickname import generate_nick

>>> generate_nick("foop@example@com")
Traceback (most recent call last):
    ...
NicknameGenerationError: foop@example@com is not a valid email address
>>> generate_nick("foop@example.com")
'foop'
>>> generate_nick("bar@example.com")
'bar'
>>> generate_nick("spam@example.com")
'spam'
>>> generate_nick("foo.bar@canonical.com")
'foo-bar'
>>> generate_nick("salgado@async.com.br")
'salgado-async'
>>> generate_nick("i@tv")
'i-tv'
>>> generate_nick("foo+bar@example.com")
'foo+bar'
>>> generate_nick("--foo@example.com")
'foo'

